
icetime topological timing analysis report
==========================================

Info: max_span_hack is enabled: estimate is conservative.

Report for critical path:
-------------------------

        lc40_23_22_4 (LogicCell40) [clk] -> lcout: 0.640 ns
     0.640 ns net_91714 (counter[0])
        t41 (LocalMux) I -> O: 0.330 ns
        inmux_24_22_99917_99939 (InMux) I -> O: 0.260 ns
        lc40_24_22_0 (LogicCell40) in1 -> carryout: 0.260 ns
     1.489 ns t3
        lc40_24_22_1 (LogicCell40) carryin -> carryout: 0.126 ns
     1.615 ns net_99943 (counter_SB_CARRY_CI_CO[2])
        lc40_24_22_2 (LogicCell40) carryin -> carryout: 0.126 ns
     1.741 ns net_99949 (counter_SB_CARRY_CI_CO[3])
        lc40_24_22_3 (LogicCell40) carryin -> carryout: 0.126 ns
     1.867 ns net_99955 (counter_SB_CARRY_CI_CO[4])
        lc40_24_22_4 (LogicCell40) carryin -> carryout: 0.126 ns
     1.994 ns net_99961 (counter_SB_CARRY_CI_CO[5])
        lc40_24_22_5 (LogicCell40) carryin -> carryout: 0.126 ns
     2.120 ns net_99967 (counter_SB_CARRY_CI_CO[6])
        lc40_24_22_6 (LogicCell40) carryin -> carryout: 0.126 ns
     2.246 ns net_99973 (counter_SB_CARRY_CI_CO[7])
        lc40_24_22_7 (LogicCell40) carryin -> carryout: 0.126 ns
     2.372 ns net_99979 (counter_SB_CARRY_CI_CO[8])
        t4 (ICE_CARRY_IN_MUX) carryinitin -> carryinitout: 0.196 ns
        lc40_24_23_0 (LogicCell40) carryin -> carryout: 0.126 ns
     2.695 ns net_100060 (counter_SB_CARRY_CI_CO[9])
        lc40_24_23_1 (LogicCell40) carryin -> carryout: 0.126 ns
     2.821 ns net_100066 (counter_SB_CARRY_CI_CO[10])
        lc40_24_23_2 (LogicCell40) carryin -> carryout: 0.126 ns
     2.947 ns net_100072 (counter_SB_CARRY_CI_CO[11])
        lc40_24_23_3 (LogicCell40) carryin -> carryout: 0.126 ns
     3.074 ns net_100078 (counter_SB_CARRY_CI_CO[12])
        lc40_24_23_4 (LogicCell40) carryin -> carryout: 0.126 ns
     3.200 ns net_100084 (counter_SB_CARRY_CI_CO[13])
        lc40_24_23_5 (LogicCell40) carryin -> carryout: 0.126 ns
     3.326 ns net_100090 (counter_SB_CARRY_CI_CO[14])
        lc40_24_23_6 (LogicCell40) carryin -> carryout: 0.126 ns
     3.452 ns net_100096 (counter_SB_CARRY_CI_CO[15])
        lc40_24_23_7 (LogicCell40) carryin -> carryout: 0.126 ns
     3.579 ns net_100102 (counter_SB_CARRY_CI_CO[16])
        t5 (ICE_CARRY_IN_MUX) carryinitin -> carryinitout: 0.196 ns
        lc40_24_24_0 (LogicCell40) carryin -> carryout: 0.126 ns
     3.901 ns net_100183 (counter_SB_CARRY_CI_CO[17])
        lc40_24_24_1 (LogicCell40) carryin -> carryout: 0.126 ns
     4.028 ns net_100189 (counter_SB_CARRY_CI_CO[18])
        lc40_24_24_2 (LogicCell40) carryin -> carryout: 0.126 ns
     4.154 ns net_100195 (counter_SB_CARRY_CI_CO[19])
        lc40_24_24_3 (LogicCell40) carryin -> carryout: 0.126 ns
     4.280 ns net_100201 (counter_SB_CARRY_CI_CO[20])
        lc40_24_24_4 (LogicCell40) carryin -> carryout: 0.126 ns
     4.406 ns net_100207 (counter_SB_CARRY_CI_CO[21])
        lc40_24_24_5 (LogicCell40) carryin -> carryout: 0.126 ns
     4.532 ns net_100213 (counter_SB_CARRY_CI_CO[22])
        lc40_24_24_6 (LogicCell40) carryin -> carryout: 0.126 ns
     4.659 ns net_100219 (counter_SB_CARRY_CI_CO[23])
        lc40_24_24_7 (LogicCell40) carryin -> carryout: 0.126 ns
     4.785 ns net_100225 (counter_SB_CARRY_CI_CO[24])
        t6 (ICE_CARRY_IN_MUX) carryinitin -> carryinitout: 0.196 ns
        lc40_24_25_0 (LogicCell40) carryin -> carryout: 0.126 ns
     5.108 ns net_100306 (counter_SB_CARRY_CI_CO[25])
        lc40_24_25_1 (LogicCell40) carryin -> carryout: 0.126 ns
     5.234 ns net_100312 (counter_SB_CARRY_CI_CO[26])
        lc40_24_25_2 (LogicCell40) carryin -> carryout: 0.126 ns
     5.360 ns net_100318 (counter_SB_CARRY_CI_CO[27])
        lc40_24_25_3 (LogicCell40) carryin -> carryout: 0.126 ns
     5.486 ns net_100324 (counter_SB_CARRY_CI_CO[28])
        lc40_24_25_4 (LogicCell40) carryin -> carryout: 0.126 ns
     5.613 ns net_100330 (counter_SB_CARRY_CI_CO[29])
        lc40_24_25_5 (LogicCell40) carryin -> carryout: 0.126 ns
     5.739 ns net_100336 (counter_SB_CARRY_CI_CO[30])
        lc40_24_25_6 (LogicCell40) carryin -> carryout: 0.126 ns
     5.865 ns net_100342 (counter_SB_CARRY_CI_CO[31])
        lc40_24_25_7 (LogicCell40) carryin -> carryout: 0.126 ns
     5.991 ns net_100348 (counter_SB_CARRY_CI_CO[32])
        t7 (ICE_CARRY_IN_MUX) carryinitin -> carryinitout: 0.196 ns
        lc40_24_26_0 (LogicCell40) carryin -> carryout: 0.126 ns
     6.314 ns net_100429 (counter_SB_CARRY_CI_CO[33])
        lc40_24_26_1 (LogicCell40) carryin -> carryout: 0.126 ns
     6.440 ns net_100435 (counter_SB_CARRY_CI_CO[34])
        lc40_24_26_2 (LogicCell40) carryin -> carryout: 0.126 ns
     6.566 ns net_100441 (counter_SB_CARRY_CI_CO[35])
        lc40_24_26_3 (LogicCell40) carryin -> carryout: 0.126 ns
     6.693 ns net_100447 (counter_SB_CARRY_CI_CO[36])
        lc40_24_26_4 (LogicCell40) carryin -> carryout: 0.126 ns
     6.819 ns net_100453 (counter_SB_CARRY_CI_CO[37])
        lc40_24_26_5 (LogicCell40) carryin -> carryout: 0.126 ns
     6.945 ns net_100459 (counter_SB_CARRY_CI_CO[38])
        lc40_24_26_6 (LogicCell40) carryin -> carryout: 0.126 ns
     7.071 ns net_100465 (counter_SB_CARRY_CI_CO[39])
        inmux_24_26_100465_100475 (InMux) I -> O: 0.260 ns
     7.331 ns net_100475 (counter_SB_CARRY_CI_CO[39])
        lc40_24_26_7 (LogicCell40) in3 [setup]: 0.217 ns
     7.548 ns net_96286 (LED[7]$SB_IO_OUT)

Resolvable net names on path:
     0.640 ns ..  1.229 ns counter[0]
     1.615 ns ..  1.615 ns counter_SB_CARRY_CI_CO[2]
     1.741 ns ..  1.741 ns counter_SB_CARRY_CI_CO[3]
     1.867 ns ..  1.867 ns counter_SB_CARRY_CI_CO[4]
     1.994 ns ..  1.994 ns counter_SB_CARRY_CI_CO[5]
     2.120 ns ..  2.120 ns counter_SB_CARRY_CI_CO[6]
     2.246 ns ..  2.246 ns counter_SB_CARRY_CI_CO[7]
     2.372 ns ..  2.569 ns counter_SB_CARRY_CI_CO[8]
     2.695 ns ..  2.695 ns counter_SB_CARRY_CI_CO[9]
     2.821 ns ..  2.821 ns counter_SB_CARRY_CI_CO[10]
     2.947 ns ..  2.947 ns counter_SB_CARRY_CI_CO[11]
     3.074 ns ..  3.074 ns counter_SB_CARRY_CI_CO[12]
     3.200 ns ..  3.200 ns counter_SB_CARRY_CI_CO[13]
     3.326 ns ..  3.326 ns counter_SB_CARRY_CI_CO[14]
     3.452 ns ..  3.452 ns counter_SB_CARRY_CI_CO[15]
     3.579 ns ..  3.775 ns counter_SB_CARRY_CI_CO[16]
     3.901 ns ..  3.901 ns counter_SB_CARRY_CI_CO[17]
     4.028 ns ..  4.028 ns counter_SB_CARRY_CI_CO[18]
     4.154 ns ..  4.154 ns counter_SB_CARRY_CI_CO[19]
     4.280 ns ..  4.280 ns counter_SB_CARRY_CI_CO[20]
     4.406 ns ..  4.406 ns counter_SB_CARRY_CI_CO[21]
     4.532 ns ..  4.532 ns counter_SB_CARRY_CI_CO[22]
     4.659 ns ..  4.659 ns counter_SB_CARRY_CI_CO[23]
     4.785 ns ..  4.981 ns counter_SB_CARRY_CI_CO[24]
     5.108 ns ..  5.108 ns counter_SB_CARRY_CI_CO[25]
     5.234 ns ..  5.234 ns counter_SB_CARRY_CI_CO[26]
     5.360 ns ..  5.360 ns counter_SB_CARRY_CI_CO[27]
     5.486 ns ..  5.486 ns counter_SB_CARRY_CI_CO[28]
     5.613 ns ..  5.613 ns counter_SB_CARRY_CI_CO[29]
     5.739 ns ..  5.739 ns counter_SB_CARRY_CI_CO[30]
     5.865 ns ..  5.865 ns counter_SB_CARRY_CI_CO[31]
     5.991 ns ..  6.188 ns counter_SB_CARRY_CI_CO[32]
     6.314 ns ..  6.314 ns counter_SB_CARRY_CI_CO[33]
     6.440 ns ..  6.440 ns counter_SB_CARRY_CI_CO[34]
     6.566 ns ..  6.566 ns counter_SB_CARRY_CI_CO[35]
     6.693 ns ..  6.693 ns counter_SB_CARRY_CI_CO[36]
     6.819 ns ..  6.819 ns counter_SB_CARRY_CI_CO[37]
     6.945 ns ..  6.945 ns counter_SB_CARRY_CI_CO[38]
     7.071 ns ..  7.331 ns counter_SB_CARRY_CI_CO[39]
                  lcout -> LED[7]$SB_IO_OUT

Total number of logic levels: 40
Total path delay: 7.55 ns (132.48 MHz)

